[www.ise.io/index.html]
[backblue.gif]
[fade.gif]
[index.html]
[www.ise.io/assets/img/logo_white_square.png]
[www.ise.io/assets/fonts/HK Grotesk Pro/HKGroteskPro-Regular.woff2]
[www.ise.io/assets/fonts/HK Grotesk Pro/HKGroteskPro-Medium.woff2]
[www.ise.io/assets/fonts/Feather/feather.css]
[www.ise.io/assets/libs/@fancyapps/fancybox/dist/jquery.fancybox.min.css]
[www.ise.io/assets/libs/aos/dist/aos.css]
[unpkg.com/flickity@2/dist/flickity.min.6.delayed]
[unpkg.com/flickity@2.3.0/dist/flickity.min.css]
[unpkg.com/flickity@2/dist/flickity.pkgd.min.8.delayed]
[unpkg.com/flickity@2.3.0/dist/flickity.pkgd.min.js]
[kit.fontawesome.com/275cf458c9.js]
[cdnjs.cloudflare.com/ajax/libs/font-awesome-animation/0.3.0/font-awesome-animation.min.css]
[www.ise.io/assets/css/theme.min.css]
[www.ise.io/assets/img/brand.svg]
[www.ise.io/about/leadership/index.html]
[www.ise.io/assets/img/illustrations/illustration-2.png]
[www.ise.io/about/values/index.html]
[www.ise.io/about/methodology/index.html]
[www.ise.io/wp-content/uploads/2017/06/los-angeles-times-small-1.jpg]
[www.ise.io/news/index.html]
[www.ise.io/wp-content/uploads/2017/06/cbs-news.jpg]
[www.ise.io/careers/index.html]
[www.ise.io/services/vulnerability-assessments/index.html]
[www.ise.io/assets/img/brands/news/nytimes.svg]
[www.ise.io/assets/img/brands/news/forbes.svg]
[www.ise.io/services/application-security-assessment/index.html]
[www.ise.io/assets/img/brands/news/usatoday.svg]
[www.ise.io/services/cloud-security-assessment/index.html]
[www.ise.io/assets/img/brands/news/washingtonpost.svg]
[www.ise.io/assets/img/brands/news/wired.svg]
[www.ise.io/assets/img/brands/news/bbc.svg]
[www.ise.io/services/penetration-testing/index.html]
[www.ise.io/assets/img/photos/photo-2.jpg]
[www.ise.io/services/network-penetration-testing/index.html]
[www.ise.io/services/managed-vulnerability-scanning/index.html]
[www.ise.io/assets/img/brand-text.svg]
[www.ise.io/services/security-consulting-services/index.html]
[www.ise.io/services/independent-verification-and-validation/index.html]
[www.ise.io/services/secure-design-analysis/index.html]
[js.hsforms.net/forms/v2.js]
[www.ise.io/services/it-consulting-services/index.html]
[www.ise.io/assets/libs/jquery/dist/jquery.min.js]
[www.ise.io/talks/index.html]
[www.ise.io/services/training/index.html]
[www.ise.io/research/index.html]
[www.ise.io/blog/index.html]
[www.ise.io/assets/libs/bootstrap/dist/js/bootstrap.bundle.min.js]
[www.ise.io/assets/libs/@fancyapps/fancybox/dist/jquery.fancybox.min.js]
[www.ise.io/start/blog/index.html]
[www.ise.io/assets/libs/aos/dist/aos.js]
[www.ise.io/assets/libs/imagesloaded/imagesloaded.pkgd.min.js]
[www.ise.io/assets/libs/typed.js/lib/typed.min.js]
[www.ise.io/index.html]
[www.ise.io/assets/js/theme.min.js]
[www.ise.io/research/podcast/index.html]
[www.ise.io/start/index.html]
[www.ise.io/assets/fonts/Feather/fonts/Feather144f.ttf]
[www.ise.io/contact/index.html]
[www.ise.io/assets/fonts/Feather/fonts/Feather144f.woff]
[www.ise.io/privacy-policy/index.html]
[www.ise.io/assets/fonts/Feather/feather.css]
[www.ise.io/assets/libs/@fancyapps/fancybox/dist/jquery.fancybox.min.css]
[www.ise.io/assets/libs/aos/dist/aos.css]
[unpkg.com/flickity@2.3.0/dist/flickity.min.css]
[cdnjs.cloudflare.com/ajax/libs/font-awesome-animation/0.3.0/font-awesome-animation.min.css]
[www.ise.io/assets/fonts/Feather/fonts/Feather144f.svg]
[www.ise.io/assets/fonts/HK Grotesk Pro/HKGroteskPro-Regular.woff]
[www.ise.io/assets/fonts/HK Grotesk Pro/HKGroteskPro-Medium.woff]
[www.ise.io/assets/css/theme.min.css]
[www.googletagmanager.com/gtm5445.html]
[www.ise.io/assets/img/brand.svg]
[www.ise.io/assets/img/start-images/logo-gradient.svg]
[www.ise.io/assets/img/photos/photo-7.jpg]
[www.ise.io/assets/img/photos/photo-22.jpg]
[www.ise.io/assets/img/photos/photo-27.jpg]
[www.ise.io/assets/img/photos/photo-13.jpg]
[www.ise.io/about/values/index.html]
[www.ise.io/about/methodology/index.html]
[www.ise.io/assets/img/photos/photo-38.jpg]
[www.ise.io/assets/img/photos/photo-36.jpg]
[www.ise.io/assets/img/photos/photo-35.jpg]
[www.ise.io/assets/img/photos/photo-34.jpg]
[www.ise.io/assets/img/photos/photo-39.jpg]
[www.ise.io/assets/img/photos/photo-40.jpg]
[www.ise.io/about/leadership/index.html]
[www.ise.io/news/index.html]
[www.ise.io/assets/img/photos/photo-37-resize.png]
[www.ise.io/assets/img/photos/careers/Work-life balance/hacker sable 1 cropped.jpg]
[www.ise.io/wp-content/uploads/2017/07/Vulnerability_Catalog.pdf]
[www.ise.io/assets/img/photos/careers/Work-life balance/time-off-600x330.jpg]
[www.ise.io/assets/img/photos/careers/Work-life balance/holidays-600x330.jpg]
[www.ise.io/careers/openings/index.html]
[www.ise.io/assets/img/photos/careers/Location Flexibility/remote-650x450.jpg]
[www.ise.io/assets/img/photos/careers/Location Flexibility/hybrid-650x450.jpg]
[www.ise.io/assets/img/photos/careers/Location Flexibility/office-650x450.jpg]
[www.ise.io/assets/img/photos/careers/Location Flexibility/interoffice-travel-650x450.jpg]
[www.ise.io/assets/img/photos/careers/Culture/culture-445x310-1.jpg]
[www.ise.io/assets/img/photos/careers/Culture/culture-445x310-2.jpg]
[www.ise.io/assets/img/photos/careers/Culture/culture-445x310-3.jpg]
[www.ise.io/assets/img/photos/careers/Culture/culture-445x310-4.jpg]
[www.ise.io/assets/img/photos/careers/Culture/culture-445x310-5.jpg]
[www.ise.io/assets/img/photos/careers/Culture/culture-445x310-6.jpg]
[www.ise.io/assets/img/photos/careers/Culture/culture-445x310-7.jpg]
[www.ise.io/assets/img/photos/careers/Culture/culture-445x310-8.jpg]
[www.ise.io/assets/img/photos/careers/Culture/culture-445x310-9.jpg]
[www.ise.io/assets/img/photos/careers/Culture/culture-445x310-10.jpg]
[www.ise.io/assets/img/photos/careers/Culture/culture-445x310-11.jpg]
[www.ise.io/assets/img/photos/careers/Culture/culture-445x310-12.jpg]
[www.ise.io/assets/img/photos/careers/Benefits at-a-Glance/healthcare-600x330.jpg]
[www.ise.io/assets/img/photos/careers/Benefits at-a-Glance/bonus-opportunities-600x330.jpg]
[www.ise.io/assets/img/photos/careers/Benefits at-a-Glance/wellness-600x330.jpg]
[www.ise.io/assets/img/photos/careers/Benefits at-a-Glance/Parental Leave cropped.jpg]
[www.ise.io/assets/img/photos/careers/Benefits at-a-Glance/wealthcare-600x330.jpg]
[www.ise.io/assets/img/photos/careers/Benefits at-a-Glance/conference-600x330.jpg]
[www.ise.io/assets/img/photos/careers/Quotes/quote-620x415-1.jpg]
[www.ise.io/assets/img/photos/careers/Quotes/quote-620x415-3.jpg]
[www.ise.io/assets/img/photos/careers/Quotes/quote-620x415-4.jpg]
[www.ise.io/assets/img/photos/careers/Quotes/quote-620x415-5.jpg]
[www.ise.io/assets/img/photos/careers/Quotes/quote-620x415-6.jpg]
[www.ise.io/assets/img/photos/careers/Quotes/quote-620x415-2.jpg]
[www.ise.io/assets/img/photos/careers/DEI/dei-445x310-2.jpg]
[www.ise.io/assets/img/photos/careers/DEI/dei-445x310-1.jpg]
[www.ise.io/assets/img/photos/careers/DEI/dei-445x310-3.jpg]
[www.ise.io/assets/img/photos/careers/Awards/awards-445x310-1.jpg]
[www.ise.io/assets/img/photos/careers/Awards/awards-445x310-2.jpg]
[www.ise.io/assets/img/photos/careers/More/more-IoT-255x175.jpg]
[www.ise.io/assets/img/photos/careers/More/more-leadership-255x175.jpg]
[www.ise.io/assets/img/photos/careers/More/more-core-values-255x175.jpg]
[www.ise.io/assets/img/photos/careers/More/more-blog-255x175.jpg]
[www.ise.io/assets/img/photos/careers/More/more-news-255x175.jpg]
[www.ise.io/careers/index.html]
[www.ise.io/wp-content/uploads/2020/05/Screen-Shot-2020-04-16-at-7.20.46-AM-1024x628.png]
[www.ise.io/wp-content/uploads/2020/04/ISE-application-security-icon.png]
[www.ise.io/wp-content/uploads/2020/04/ISE-cloud-security-icon.png]
[www.ise.io/wp-content/uploads/2020/04/ISE-network-it-security-icon.png]
[www.ise.io/wp-content/uploads/2020/04/ISE-supply-chain-security-icon.png]
[www.ise.io/wp-content/uploads/2020/04/ISE-data-security-icon.png]
[www.ise.io/services/vulnerability-assessments/index.html]
[www.ise.io/services/application-security-assessment/index.html]
[www.ise.io/services/cloud-security-assessment/index.html]
[www.ise.io/services/penetration-testing/index.html]
[www.ise.io/services/network-penetration-testing/index.html]
[www.ise.io/services/managed-vulnerability-scanning/index.html]
[www.ise.io/wp-content/uploads/2020/06/ISE-hacking-research-icon.png]
[www.ise.io/wp-content/uploads/2020/06/ISE-techology-companies-icon_2.png]
[www.ise.io/wp-content/uploads/2020/06/ISE-security-conference-speakers-icon.png]
[www.ise.io/services/security-consulting-services/index.html]
[www.ise.io/services/independent-verification-and-validation/index.html]
[www.ise.io/services/secure-design-analysis/index.html]
[www.ise.io/casestudies/password-manager-hacking/index.html]
[www.ise.io/assets/img/photos/it-consulting-services/it-1.png]
[www.ise.io/assets/img/photos/it-consulting-services/it-2.png]
[www.ise.io/assets/img/photos/it-consulting-services/it-3.png]
[www.ise.io/assets/img/photos/it-consulting-services/it-4.png]
[www.ise.io/assets/img/photos/it-consulting-services/it-8.png]
[www.ise.io/assets/img/photos/it-consulting-services/it-5.png]
[www.ise.io/assets/img/photos/it-consulting-services/it-6.png]
[www.ise.io/assets/img/photos/it-consulting-services/it-7.png]
[www.ise.io/services/it-consulting-services/index.html]
[www.ise.io/services/training/index.html]
[www.ise.io/casestudies/sohopelessly-broken-2-0/index.html]
[www.ise.io/casestudies/ethercombing/index.html]
[www.ise.io/wp-content/uploads/2018/03/ise_same-origin-policy_whitepaper.pdf]
[www.ise.io/research/hospitalhack/index.html]
[www.ise.io/casestudies/exploiting-rfids/index.html]
[www.ise.io/casestudies/exploiting-the-iphone/index.html]
[www.ise.io/casestudies/exploiting-age-of-conan-anarchy-online/index.html]
[www.ise.io/wp-content/uploads/2017/07/16buffer.pdf]
[www.ise.io/casestudies/exploiting-secondlife/index.html]
[www.ise.io/wp-content/uploads/2017/07/fde_whitepaper_draft_20170627.pdf]
[www.ise.io/casestudies/exploiting-android/index.html]
[www.ise.io/casestudies/industry-wide-misunderstandings-of-https/index.html]
[www.ise.io/casestudies/exploiting-soho-routers/index.html]
[www.ise.io/casestudies/fighting-back-against-ssl-inspection-or-how-ssl-should-work/index.html]
[www.ise.io/wp-content/uploads/2017/07/reverse_ios_apps.pdf]
[www.ise.io/wp-content/uploads/2017/07/the_enemy_you_know.pdf]
[www.ise.io/research/our-link-clicking-csrf-victim-robot/index.html]
[www.ise.io/wp-content/uploads/2017/07/caching.pdf]
[www.ise.io/research/scanning-ips-protected/index.html]
[www.ise.io/wp-content/uploads/2017/07/soho_techreport.pdf]
[www.ise.io/wp-content/uploads/2017/07/Perspective-Matters-Whitepaper-12-2013.pdf]
[www.ise.io/wp-content/uploads/2017/07/apple-sandbox.pdf]
[www.ise.io/wp-content/uploads/2018/04/Financial_Implications_of_Improper_Security.pdf]
[www.ise.io/wp-content/uploads/2018/04/Mechanical_v_Electronic_Access_Control.pdf]
[www.ise.io/wp-content/uploads/2018/04/engineeringheapoverflow.pdf]
[www.ise.io/wp-content/uploads/2017/07/exploitingiphone.pdf]
[www.ise.io/wp-content/uploads/2018/04/spdc_aacs_2005.pdf]
[www.ise.io/wp-content/uploads/2018/04/InterpreterExploitation.pdf]
[www.ise.io/wp-content/uploads/2018/04/CrashAnalysis.pdf]
[www.ise.io/wp-content/uploads/2018/04/isolatedperspectives-full.pdf]
[www.ise.io/wp-content/uploads/2018/04/injectingsmsmessages.pdf]
[www.ise.io/wp-content/uploads/2018/04/funandgames.pdf]
[www.ise.io/wp-content/uploads/2018/04/isolatedperspectives-regulatory.pdf]
[www.ise.io/wp-content/uploads/2018/04/practicalshortsignature.pdf]
[www.ise.io/wp-content/uploads/2018/04/verifiableaudittrails-full.pdf]
[www.ise.io/wp-content/uploads/2018/04/tiris.pdf]
[www.ise.io/wp-content/uploads/2018/04/0daymarket.pdf]
[www.ise.io/wp-content/uploads/2018/04/analysisfuzzing.pdf]
[www.ise.io/wp-content/uploads/2018/04/kmemleaks.pdf]
[www.ise.io/wp-content/uploads/2018/04/hackingleopard.pdf]
[www.ise.io/wp-content/uploads/2018/04/experiences-fips.pdf]
[www.ise.io/research/index.html]
[www.ise.io/wp-content/uploads/2018/04/problems-fips.pdf]
[www.ise.io/wp-content/uploads/2020/08/kicking_devices_and_taking_cves.pdf]
[www.ise.io/wp-content/uploads/2017/07/ISE_Same-Origin-Policy_BSidesCharm2017.pdf]
[www.ise.io/wp-content/themes/IndependentSecurity/download/hacking_hospitals.mp4]
[www.ise.io/wp-content/uploads/2017/07/integrity.pdf]
[www.ise.io/wp-content/uploads/2017/07/SameOriginToorCon2016.pdf]
[www.ise.io/wp-content/uploads/2017/07/mirror.pdf]
[www.ise.io/wp-content/uploads/2017/07/https.pdf]
[www.ise.io/wp-content/uploads/2017/07/REST_TALK.pdf]
[www.ise.io/wp-content/uploads/2017/07/date_app.pdf]
[www.ise.io/wp-content/uploads/2017/07/Holcomb_ISE_SOHO_DefCon.pdf]
[www.ise.io/wp-content/uploads/2017/07/HTTPS_New_1.pdf]
[www.ise.io/wp-content/uploads/2018/06/HOPEX_HOLCOMB-1.pdf]
[www.ise.io/wp-content/uploads/2019/11/MacHackin2.pdf]
[www.ise.io/wp-content/uploads/2019/11/Web_App_Security_Part_I.pdf]
[www.ise.io/wp-content/uploads/2019/11/cyberwar.pdf]
[www.ise.io/wp-content/uploads/2019/11/SnowLeopard.pdf]
[www.ise.io/wp-content/uploads/2019/11/CrashAnalysisSlides.pdf]
[www.ise.io/wp-content/uploads/2019/11/cmiller_auscert2008.pdf]
[www.ise.io/wp-content/uploads/2019/11/cmiller_bh2008-1.pdf]
[www.ise.io/wp-content/uploads/2019/11/cmiller_rsa2008.pdf]
[www.ise.io/wp-content/uploads/2019/11/cmiller_bhjp2008.pdf]
[www.ise.io/wp-content/uploads/2019/11/cmiller_cansecwest2008.pdf]
[www.ise.io/wp-content/uploads/2019/11/jhonoroff_woot2008.pdf]
[www.ise.io/wp-content/uploads/2019/11/cmiller_defcon2007.pdf]
[www.ise.io/wp-content/uploads/2019/11/cmiller_shmoocon2008.pdf]
[www.ise.io/talks/index.html]
[www.ise.io/wp-content/uploads/2019/11/cmiller_bh2007.pdf]
[www.ise.io/wp-content/uploads/2019/11/cmiller_toorcon2007.pdf]
[www.ise.io/wp-content/uploads/2019/11/cmiller_weis2007.pdf]
[cdn-images-1.medium.com/v2/resize_fit_1024/1_zqODLPwWwL5t8BoJywgK7A.jpg]
[www.ise.io/blog/archives/index.html]
[cdn-images-1.medium.com/v2/resize_fit_382/1_vQhxMgjG6JHwVZ_GdMdU8A.png]
[cdn-images-1.medium.com/v2/resize_fit_1021/1_7351_eJnm9EkdN-bsrkVoQ.png]
[cdn-images-1.medium.com/v2/resize_fit_1024/1_pJz-Ir-cQdfeyP_FpIyBFA.png]
[cdn-images-1.medium.com/v2/resize_fit_1024/1_Z5JtSvwx8xiQcviCjof_pA.png]
[cdn-images-1.medium.com/v2/resize_fit_125/0_bjjs_fUSnOhlDxkc.png]
[cdn-images-1.medium.com/v2/resize_fit_640/1_uFDVl3e6_PyfQ7sLOSMDTw.gif]
[cdn-images-1.medium.com/v2/resize_fit_600/1_34roKfQWVwMZHT7jylP82A.gif]
[cdn-images-1.medium.com/v2/resize_fit_800/1_WOidfAFa3L_J0t9fT9PfjA.jpg]
[www.ise.io/blog/index.html]
[www.ise.io/assets/img/start-images/OG_START.png]
[js.hs-scripts.com/7197110.js]
[www.ise.io/assets/img/start-images/START-logo.svg]
[www.ise.io/assets/img/start-images/blog-img/vrm-one-size-does-not-fit-all-01.jpg]
[www.ise.io/start/blog/vrm-one-size/index.html]
[www.ise.io/assets/img/start-images/blog-img/Cybersecurity & Vendor Risk Management for Manufacturers 101.png]
[www.ise.io/start/blog/vendor-risk-management-for-media-entertainment/index.html]
[www.ise.io/assets/img/start-images/blog-img/Managing Manufacturing Industry Vendor Risk Assessments.png]
[www.ise.io/start/blog/vendor-risk-management-for-manufacturers/index.html]
[www.ise.io/assets/img/start-images/blog-img/vendor-risk-mitigation.png]
[www.ise.io/start/blog/managing-manufacturing-vendor-risk-asssessments/index.html]
[www.ise.io/start/blog/vendor-risk-mitigation/index.html]
[www.ise.io/assets/img/start-images/blog-img/vendor-risk-management-metrics.png]
[www.ise.io/start/blog/vendor-risk-management-metrics/index.html]
[www.ise.io/assets/img/start-images/blog-img/types-vendor-risk.png]
[www.ise.io/start/blog/types-vendor-risk/index.html]
[www.ise.io/assets/img/start-images/blog-img/third-party-risk-management-regulations-you-should-know.png]
[www.ise.io/start/blog/third-party-risk-management-regulations/index.html]
[www.ise.io/start/blog/third-party-risk-management-lifecycle/index.html]
[www.ise.io/assets/img/start-images/blog-img/third-party-risk-management-lifecycle.png]
[www.ise.io/assets/img/start-images/blog-img/will-francis-ZDNyhmgkZlQ-unsplash 1.png]
[www.ise.io/start/blog/index.html]
[www.ise.io/start/podcast-kyle-tobener/index.html]
[www.ise.io/start/blog/2/index.html]
[www.ise.io/start/blog/3/index.html]
[www.ise.io/assets/img/brands/tech-done-different.png]
[www.ise.io/research/podcast/index.html]
[www.ise.io/assets/img/start-images/Logo-cut/1-1.svg]
[www.ise.io/assets/img/start-images/Logo-cut/1-2.svg]
[www.ise.io/assets/img/start-images/Logo-cut/1-3.svg]
[www.ise.io/assets/img/start-images/Logo-cut/1-4.svg]
[www.ise.io/assets/img/start-images/Logo-cut/2-1.svg]
[www.ise.io/assets/img/start-images/Logo-cut/2-2.svg]
[www.ise.io/assets/img/start-images/Logo-cut/2-3.svg]
[www.ise.io/assets/img/start-images/Logo-cut/2-4.svg]
[www.ise.io/assets/img/start-images/Logo-cut/3-1.svg]
[www.ise.io/assets/img/start-images/Logo-cut/3-2.svg]
[www.ise.io/assets/img/start-images/Logo-cut/3-3.svg]
[www.ise.io/assets/img/start-images/Logo-cut/3-4.svg]
[www.ise.io/assets/img/start-images/Start vendor risk management.svg]
[www.ise.io/assets/img/start-images/book/7-steps-2.svg]
[www.ise.io/assets/img/start-images/Vendor-onboarding-streamlined.svg]
[www.ise.io/assets/img/start-images/Straightforward-assessments.svg]
[www.ise.io/assets/img/start-images/Case Study.svg]
[www.ise.io/assets/img/start-images/Better-risk-identification.svg]
[www.ise.io/assets/img/start-images/Faster-remediation-flow.svg]
[www.ise.io/start/success-story/index.html]
[www.ise.io/assets/img/start-images/media_entertainment.png]
[www.ise.io/start/media-entertainment/index.html]
[www.ise.io/assets/img/start-images/financial_services.png]
[www.ise.io/start/financial-services/index.html]
[www.ise.io/assets/img/start-images/consumer_electronics.png]
[www.ise.io/start/consumer-electronics/index.html]
[www.ise.io/assets/img/start-images/insurance.png]
[www.ise.io/start/index.html]
[www.ise.io/assets/img/brands/news/nytimes.svg]
[www.ise.io/assets/img/brands/news/forbes.svg]
[www.ise.io/assets/img/brands/news/usatoday.svg]
[www.ise.io/assets/img/brands/news/washingtonpost.svg]
[www.ise.io/assets/img/brands/news/wired.svg]
[www.ise.io/assets/img/brands/news/bbc.svg]
[www.ise.io/assets/img/brand-text.svg]
[www.ise.io/assets/img/icons/social/linkedin.svg]
[www.ise.io/assets/img/icons/social/facebook.svg]
[www.ise.io/assets/img/icons/social/twitter.svg]
[www.ise.io/contact/index.html]
[www.ise.io/privacy-policy/index.html]
[www.ise.io/assets/fonts/Feather/fonts/Feather144f.svg]
[www.ise.io/assets/img/masks/avatar-status.svg]
[www.ise.io/assets/img/masks/avatar-group.svg]
[www.ise.io/assets/img/masks/avatar-group-hover.svg]
[www.ise.io/assets/img/masks/avatar-group-hover-last.svg]
[www.ise.io/assets/img/start-images/logo-gradient.svg]
[www.ise.io/news/ted.html]
[www.ise.io/knowledge/papers/freak-advisory-v3.pdf]
[www.ise.io/images/eff2014.pdf]
[www.ise.io/knowledge/presentations/Holcomb_ISE_SOHO_DefCon.pdf]
[www.ise.io/start/insurance/index.html]
[www.ise.io/assets/img/photos/photo-16.jpg]
[www.ise.io/assets/img/photos/photo-17.jpg]
[www.ise.io/assets/img/photos/photo-18.jpg]
[www.ise.io/assets/img/photos/photo-19.jpg]
[www.ise.io/assets/img/photos/photo-20.jpg]
[www.ise.io/assets/img/photos/photo-21.jpg]
[www.ise.io/careers/openings/index.html]
[www.ise.io/wp-content/uploads/2019/02/Picture1.jpg]
[www.ise.io/wp-content/uploads/2019/02/Picture2.jpg]
[www.ise.io/wp-content/uploads/2019/02/Picture3.jpg]
[www.ise.io/wp-content/uploads/2019/02/Picture4.jpg]
[www.ise.io/wp-content/uploads/2019/02/Picture5.jpg]
[www.ise.io/wp-content/uploads/2019/02/Picture6.jpg]
[www.ise.io/wp-content/uploads/2019/02/Picture7.jpg]
[www.ise.io/wp-content/uploads/2019/02/Picture8.jpg]
[www.ise.io/wp-content/uploads/2019/02/Picture9.jpg]
[www.ise.io/wp-content/uploads/2019/02/Picture10.jpg]
[www.ise.io/wp-content/uploads/2019/02/Picture11.jpg]
[www.ise.io/wp-content/uploads/2019/02/Picture12.jpg]
[www.ise.io/wp-content/uploads/2019/02/Picture13.jpg]
[www.ise.io/wp-content/uploads/2019/02/Picture14.jpg]
[www.ise.io/wp-content/uploads/2019/02/Picture15.jpg]
[www.ise.io/wp-content/uploads/2019/02/Picture16.jpg]
[www.ise.io/wp-content/uploads/2019/02/Picture17.jpg]
[www.ise.io/wp-content/uploads/2019/02/Picture18.jpg]
[www.ise.io/wp-content/uploads/2019/02/Picture19.jpg]
[www.ise.io/wp-content/uploads/2019/02/Picture20.jpg]
[www.ise.io/wp-content/uploads/2019/02/Picture21.jpg]
[www.ise.io/casestudies/password-manager-hacking/index.html]
[www.ise.io/casestudies/sohopelessly-broken-2-0/index.html]
[www.ise.io/wp-content/uploads/2019/09/SOHO2.pdf]
[www.ise.io/wp-content/uploads/2019/04/00.jpg]
[www.ise.io/wp-content/uploads/2019/04/1.jpg]
[www.ise.io/wp-content/uploads/2019/04/2.png]
[www.ise.io/wp-content/uploads/2019/04/3.png]
[www.ise.io/wp-content/uploads/2019/04/4.png]
[www.ise.io/wp-content/uploads/2019/09/sohopelessly_broken_2_independent_security_evaluators.pdf]
[www.ise.io/wp-content/uploads/2019/04/5.png]
[www.ise.io/wp-content/uploads/2019/04/6.png]
[www.ise.io/wp-content/uploads/2019/04/8.png]
[www.ise.io/wp-content/uploads/2019/04/9.png]
[www.ise.io/wp-content/uploads/2019/04/10.png]
[www.ise.io/wp-content/uploads/2019/04/11.png]
[www.ise.io/wp-content/uploads/2019/04/12.png]
[www.ise.io/wp-content/uploads/2019/04/13.png]
[www.ise.io/wp-content/uploads/2019/04/14.png]
[www.ise.io/casestudies/ethercombing/index.html]
[www.ise.io/research/hospitalhack/index.html]
[www.ise.io/wp-content/uploads/2017/07/securing_hospitals.pdf]
[www.ise.io/wp-content/uploads/2017/07/transponders_small.jpg]
[www.ise.io/wp-content/uploads/2017/07/tiris.pdf]
[www.ise.io/wp-content/uploads/2017/07/cracker_small.jpg]
[www.ise.io/wp-content/uploads/2017/07/simulator_small.jpg]
[www.ise.io/wp-content/uploads/2017/07/sniffing_small.jpg]
[www.ise.io/wp-content/themes/IndependentSecurity/download/sniffing.mp4]
[www.ise.io/wp-content/uploads/2017/07/sniffing_f.jpg]
[www.ise.io/wp-content/themes/IndependentSecurity/download/cracking.mp4]
[www.ise.io/wp-content/uploads/2017/07/cracking_f.jpg]
[www.ise.io/wp-content/themes/IndependentSecurity/download/car.mp4]
[www.ise.io/wp-content/uploads/2017/07/car_f.jpg]
[www.ise.io/wp-content/themes/IndependentSecurity/download/speedpass.mp4]
[www.ise.io/wp-content/uploads/2017/07/speedpass_f.jpg]
[www.ise.io/casestudies/exploiting-rfids/index.html]
[www.ise.io/casestudies/exploiting-the-iphone/index.html]
[www.ise.io/wp-content/uploads/2017/07/wbff_cover_story_20081105.flv]
[www.ise.io/wp-content/uploads/2017/07/bh07.pdf]
[www.ise.io/wp-content/uploads/2017/07/DemoPerson.jpg]
[www.ise.io/wp-content/uploads/2017/07/320x240_FLV_AoC_AO_Exploits-41_x264.mp4]
[www.ise.io/wp-content/uploads/2017/07/800x600_h264-med_gain_normalized.qt]
[www.ise.io/casestudies/exploiting-age-of-conan-anarchy-online/index.html]
[www.ise.io/wp-content/uploads/2017/07/Sussy.jpg]
[www.ise.io/casestudies/exploiting-secondlife/index.html]
[www.ise.io/wp-content/uploads/2017/07/home.jpg]
[www.ise.io/casestudies/exploiting-android/index.html]
[www.ise.io/wp-content/uploads/2017/07/equifax2.png]
[www.ise.io/wp-content/uploads/2017/07/argus2.png]
[www.ise.io/wp-content/uploads/2017/07/adp2.png]
[www.ise.io/wp-content/uploads/2017/07/treas2.png]
[www.ise.io/wp-content/uploads/2017/07/hrs2.png]
[www.ise.io/wp-content/uploads/2017/07/pnc2.png]
[www.ise.io/casestudies/industry-wide-misunderstandings-of-https/index.html]
[www.ise.io/casestudies/fighting-back-against-ssl-inspection-or-how-ssl-should-work/index.html]
[www.ise.io/casestudies/exploiting-soho-routers/index.html]
[www.ise.io/research/https-disk-cache-controller-browser-extensions/index.html]
[www.ise.io/research/our-link-clicking-csrf-victim-robot/index.html]
[www.ise.io/research/soho_service_hacks/index.html]
[www.ise.io/research/studies-and-papers/linksys_wrt310v2/index.html]
[www.ise.io/our-link-clicking-csrf-victim-robot/index.html]
[www.ise.io/research/studies-and-papers/belkin_f5d8236-4v2/index.html]
[www.ise.io/research/studies-and-papers/belkin_n900/index.html]
[www.ise.io/research/studies-and-papers/netgear_wndr4700/index.html]
[www.ise.io/research/studies-and-papers/tp-link_wr1043n/index.html]
[www.ise.io/research/studies-and-papers/dlink_dir865l/index.html]
[www.ise.io/research/studies-and-papers/actiontec/index.html]
[www.ise.io/research/scanning-ips-protected/index.html]
[www.ise.io/research/studies-and-papers/asus_rtn56u/index.html]
[www.ise.io/research/studies-and-papers/linksys_ea6500/index.html]
[www.ise.io/assets/img/brands/logomark/youtube.svg]
[www.ise.io/research/studies-and-papers/netgear_wnr3500/index.html]
[www.ise.io/research/studies-and-papers/trendnet_tew-812dru/index.html]
[www.ise.io/blog/archives/keep-data-secure-using-amazon-s3-encryption/index.html]
[www.ise.io/blog/archives/onsite-social-engineering-part-ii/index.html]
[www.ise.io/blog/archives/aes-ni-action/index.html]
[www.ise.io/wp-content/uploads/2018/05/1ZosNybtMiWGGo8nMaE7TQw-150x150.jpg]
[www.ise.io/wp-content/uploads/2018/12/1Qe4skKt2IEo16Bcwa6Pdqw-150x150.jpg]
[www.ise.io/blog/archives/ransomware-healthcare-security/index.html]
[www.ise.io/blog/archives/anti-virus-cure-worse-disease/index.html]
[www.ise.io/blog/archives/dont-drown-old-protocols-disable-sslv2/index.html]
[www.ise.io/blog/archives/assessing-healthcare-patient-data-vs-patient-health-part-1/index.html]
[www.ise.io/blog/archives/important-misconception-two-factor-authentication/index.html]
[www.ise.io/blog/archives/hlsconcat-subfile/index.html]
[www.ise.io/blog/archives/onsite-social-engineering-101/index.html]
[www.ise.io/wp-content/uploads/2018/12/1OpDhnRD2XAEXzI4WfXMaIg-150x150.jpg]
[www.ise.io/blog/archives/index.html]
[www.ise.io/blog/archives/apples-watchos-2-update-less-secure-predecessor/index.html]
[www.ise.io/assets/img/start-images/START-logo.svg]
[www.ise.io/blog/archives/using-openssl-determine-ciphers-enabled-server/index.html]
[www.ise.io/blog/archives/quantum-computing-quantum-resistant-algorithms/index.html]
[www.ise.io/blog/archives/advanced-package-tool-privacy-no-privacy/index.html]
[www.ise.io/blog/archives/samsung-swiftkey-killer-exploit/index.html]
[www.ise.io/blog/archives/technology-healthcare-patient-risk/index.html]
[www.ise.io/blog/archives/venom-vulnerability-newest-threat-systems-cyber-health/index.html]
[www.ise.io/assets/img/start-images/blog-img/image-10.png]
[www.ise.io/blog/archives/cyber-security-gateway-career-success/index.html]
[www.ise.io/assets/img/start-images/blog-img/compliance-risk-101.png]
[www.ise.io/blog/archives/dont-believe-everything-read-security-bugs-reference-materials/index.html]
[www.ise.io/blog/archives/superfish-lessons-not-learned-preloaded-malware/index.html]
[www.ise.io/assets/img/start-images/blog-img/it-risk-management-strategies-best-practices.png]
[www.ise.io/start/blog/vrm-one-size/index.html]
[www.ise.io/blog/archives/ssl-tls-protocol-versions-cipher-suites-use/index.html]
[www.ise.io/start/blog/vendor-risk-management-for-media-entertainment/index.html]
[www.ise.io/start/blog/vendor-risk-management-checklist/index.html]
[www.ise.io/start/blog/compliance-risks/index.html]
[www.ise.io/start/blog/it-risk-management/index.html]
[www.ise.io/start/blog/vendor-due-diligence/index.html]
[www.ise.io/assets/img/start-images/book/Vendor-risk-assessment-template.png]
[www.ise.io/start/blog/vendor-risk-management-for-manufacturers/index.html]
[www.ise.io/assets/img/start-images/blog-img/START Risk Summary.png]
[www.ise.io/start/blog/managing-manufacturing-vendor-risk-asssessments/index.html]
[www.ise.io/start/blog/vendor-risk-mitigation/index.html]
[www.ise.io/start/blog/vendor-risk-management-metrics/index.html]
[www.ise.io/start/blog/types-vendor-risk/index.html]
[www.ise.io/start/blog/third-party-risk-management-regulations/index.html]
[www.ise.io/start/blog/third-party-risk-assessment/index.html]
[www.ise.io/start/blog/third-party-risk-management-lifecycle/index.html]
[www.ise.io/start/blog/vendor-management-program/index.html]
[www.ise.io/start/podcast-kyle-tobener/index.html]
[www.ise.io/start/blog/risk-management-best-practices/index.html]
[www.ise.io/assets/img/start-images/book/Vendor-risk-management-checklist.svg]
[www.ise.io/start/blog/vendor-questionnaire/index.html]
[www.ise.io/assets/img/start-images/blog-img/risk-assessment-process-what-is-it.png]
[www.ise.io/start/blog/risk-assessment-process/index.html]
[www.ise.io/assets/img/start-images/blog-img/third-party-risk-management-framework.png]
[www.ise.io/start/blog/third-party-risk-management-framework/index.html]
[www.ise.io/assets/img/start-images/blog-img/vendor-due-diligence-best-practices.png]
[www.ise.io/start/blog/vendor-management-policy.html]
[www.ise.io/assets/img/start-images/blog-img/vendor-management-policies-best-practices.png]
[www.ise.io/assets/img/start-images/blog-img/vendor-management-program-best-practices.png]
[www.ise.io/assets/img/start-images/blog-img/vendor-questionnaire-tips-and-best-practices.png]
[www.ise.io/assets/img/start-images/blog-img/risk-management-best-practices.png]
[www.ise.io/start/blog/2/index.html]
[www.ise.io/start/blog/procurement-policy.html]
[www.ise.io/assets/img/start-images/blog-img/procurement-policy-101.png]
[www.ise.io/assets/img/start-images/blog-img/third-party-risk-assessment-essential-steps-and-best-practices.png]
[www.ise.io/start/blog/3/index.html]
[www.ise.io/assets/img/start-images/Logo-cut/1-1.svg]
[www.ise.io/assets/img/start-images/Logo-cut/1-2.svg]
[www.ise.io/assets/img/start-images/Logo-cut/1-3.svg]
[www.ise.io/assets/img/start-images/Logo-cut/1-4.svg]
[www.ise.io/assets/img/start-images/Logo-cut/2-1.svg]
[www.ise.io/assets/img/start-images/Logo-cut/2-2.svg]
[www.ise.io/assets/img/start-images/Logo-cut/2-3.svg]
[www.ise.io/assets/img/start-images/Logo-cut/2-4.svg]
[www.ise.io/assets/img/start-images/Logo-cut/3-1.svg]
[www.ise.io/assets/img/start-images/Logo-cut/3-2.svg]
[www.ise.io/assets/img/start-images/Logo-cut/3-3.svg]
[www.ise.io/assets/img/start-images/Logo-cut/3-4.svg]
[www.ise.io/assets/img/start-images/Start vendor risk management.svg]
[www.ise.io/assets/img/start-images/book/7-steps-2.svg]
[www.ise.io/assets/img/start-images/Vendor-onboarding-streamlined.svg]
[www.ise.io/assets/img/start-images/Straightforward-assessments.svg]
[www.ise.io/start/success-story/index.html]
[www.ise.io/assets/img/start-images/Case Study.svg]
[www.ise.io/assets/img/start-images/Better-risk-identification.svg]
[www.ise.io/assets/img/start-images/Faster-remediation-flow.svg]
[www.ise.io/assets/img/start-images/Case.svg]
[www.ise.io/assets/img/start-images/industry/media/Recording a movie-pana 1.svg]
[www.ise.io/assets/img/start-images/industry/media/Recording a movie-bro 1.svg]
[www.ise.io/start/media-entertainment/index.html]
[www.ise.io/assets/img/start-images/industry/media/Recording a movie-rafiki 1.svg]
[www.ise.io/assets/img/start-images/industry/financial/Banknote-bro 1.svg]
[www.ise.io/assets/img/start-images/industry/financial/Credit card-bro 1.svg]
[www.ise.io/start/financial-services/index.html]
[www.ise.io/assets/img/start-images/industry/financial/Coins-bro 1.svg]
[www.ise.io/assets/img/start-images/industry/consumer/Gadgets.svg]
[www.ise.io/assets/img/start-images/industry/consumer/Printed circuit board-bro 1.svg]
[www.ise.io/start/consumer-electronics/index.html]
[www.ise.io/assets/img/start-images/industry/consumer/Preferences-bro 1.svg]
[www.ise.io/assets/img/start-images/industry/insurance/Insurance-bro 1.svg]
[www.ise.io/assets/img/start-images/industry/insurance/Private data-bro 1.svg]
[www.ise.io/start/insurance/index.html]
[www.ise.io/assets/img/start-images/industry/insurance/Financial data-bro 1.svg]
[www.ise.io/wp-content/themes/IndependentSecurity/download/HTTPS_Disk_Cache_Controller.xpi]
[www.ise.io/research/https-disk-cache-controller-browser-extensions/index.html]
[www.ise.io/wp-content/themes/IndependentSecurity/download/ASUS_AC66U_ACSD_param.py]
[www.ise.io/research/soho_service_hacks/index.html]
[www.ise.io/research/studies-and-papers/linksys_wrt310v2/index.html]
[www.ise.io/research/studies-and-papers/belkin_f5d8236-4v2/index.html]
[www.ise.io/research/studies-and-papers/belkin_n900/index.html]
[www.ise.io/wp-content/uploads/2017/07/trendnet_csrf.txt]
[www.ise.io/research/studies-and-papers/netgear_wndr4700/index.html]
[www.ise.io/research/studies-and-papers/tp-link_wr1043n/index.html]
[www.ise.io/research/studies-and-papers/actiontec/index.html]
[www.ise.io/research/studies-and-papers/dlink_dir865l/index.html]
[www.ise.io/research/studies-and-papers/asus_rtn56u/index.html]
[www.ise.io/research/studies-and-papers/linksys_ea6500/index.html]
[www.ise.io/research/studies-and-papers/netgear_wnr3500/index.html]
[www.ise.io/research/studies-and-papers/trendnet_tew-812dru/index.html]
[www.ise.io/research/knowledge/papers/nessus/connection.html]
[www.ise.io/research/scanning-ips-protected/view-source_https_/www.ise.io/knowledge/papers/nessus/qemu-tap-wrapper.html]
[www.ise.io/blog/archives/keep-data-secure-using-amazon-s3-encryption/index.html]
[www.ise.io/blog/archives/onsite-social-engineering-part-ii/index.html]
[www.ise.io/blog/archives/aes-ni-action/index.html]
[www.ise.io/blog/archives/ransomware-healthcare-security/index.html]
[www.ise.io/blog/archives/anti-virus-cure-worse-disease/index.html]
[www.ise.io/blog/archives/dont-drown-old-protocols-disable-sslv2/index.html]
[www.ise.io/blog/archives/assessing-healthcare-patient-data-vs-patient-health-part-1/index.html]
[www.ise.io/blog/archives/important-misconception-two-factor-authentication/index.html]
[www.ise.io/blog/archives/hlsconcat-subfile/index.html]
[www.ise.io/blog/archives/onsite-social-engineering-101/index.html]
[www.ise.io/blog/archives/using-openssl-determine-ciphers-enabled-server/index.html]
[www.ise.io/blog/archives/apples-watchos-2-update-less-secure-predecessor/index.html]
[www.ise.io/blog/archives/quantum-computing-quantum-resistant-algorithms/index.html]
[www.ise.io/blog/archives/advanced-package-tool-privacy-no-privacy/index.html]
[www.ise.io/blog/archives/samsung-swiftkey-killer-exploit/index.html]
[www.ise.io/blog/archives/technology-healthcare-patient-risk/index.html]
[www.ise.io/blog/archives/venom-vulnerability-newest-threat-systems-cyber-health/index.html]
[www.ise.io/blog/archives/cyber-security-gateway-career-success/index.html]
[www.ise.io/blog/archives/dont-believe-everything-read-security-bugs-reference-materials/index.html]
[www.ise.io/blog/archives/superfish-lessons-not-learned-preloaded-malware/index.html]
[www.ise.io/blog/archives/ssl-tls-protocol-versions-cipher-suites-use/index.html]
[www.ise.io/start/blog/vendor-risk-management-checklist/index.html]
[www.ise.io/start/blog/compliance-risks/index.html]
[www.ise.io/start/blog/it-risk-management/index.html]
[www.ise.io/start/blog/vendor-due-diligence/index.html]
[www.ise.io/start/blog/vendor-management-program/index.html]
[www.ise.io/start/blog/vendor-management-policy/index.html]
[www.ise.io/assets/img/start-images/blog-img/Start VRM vendor questionnaire 1.svg]
[www.ise.io/assets/img/start-images/blog-img/Start VRM vendor assessment overview 1.svg]
[www.ise.io/assets/img/start-images/blog-img/Start VRM remediation tracking 1.svg]
[www.ise.io/start/blog/third-party-risk-assessment/index.html]
[www.ise.io/assets/img/start-images/book/Vendor-risk-management-checklist.svg]
[www.ise.io/start/blog/risk-management-best-practices/index.html]
[www.ise.io/start/blog/vendor-questionnaire/index.html]
[www.ise.io/start/blog/risk-assessment-process/index.html]
[www.ise.io/start/blog/third-party-risk-management-framework/index.html]
[www.ise.io/start/blog/vendor-management-policy.html]
[www.ise.io/start/blog/procurement-policy.html]
[www.ise.io/assets/img/start-images/Case.svg]
[www.ise.io/assets/img/start-images/industry/media/Recording a movie-pana 1.svg]
[www.ise.io/assets/img/start-images/industry/media/Recording a movie-bro 1.svg]
[www.ise.io/assets/img/start-images/industry/media/Recording a movie-rafiki 1.svg]
[www.ise.io/assets/img/start-images/industry/financial/Banknote-bro 1.svg]
[www.ise.io/assets/img/start-images/industry/financial/Credit card-bro 1.svg]
[www.ise.io/assets/img/start-images/industry/financial/Coins-bro 1.svg]
[www.ise.io/assets/img/start-images/industry/consumer/Gadgets.svg]
[www.ise.io/assets/img/start-images/industry/consumer/Printed circuit board-bro 1.svg]
[www.ise.io/assets/img/start-images/industry/consumer/Preferences-bro 1.svg]
[www.ise.io/assets/img/start-images/industry/insurance/Insurance-bro 1.svg]
[www.ise.io/assets/img/start-images/industry/insurance/Private data-bro 1.svg]
[www.ise.io/assets/img/start-images/industry/insurance/Financial data-bro 1.svg]
[www.ise.io/research/knowledge/case_studies/caching/index.html]
[www.ise.io/research/knowledge/case_studies/caching/FirefoxExtension_check.html]
[www.ise.io/research/knowledge/case_studies/caching/FirefoxExtension_X.html]
[www.ise.io/research/studies-and-papers/netgear_wndr4700/netgear_wnr3500.html]
[www.ise.io/start/blog/vendor-management-policy/index.html]
[www.ise.io/assets/img/start-images/blog-img/Start VRM vendor questionnaire 1.svg]
[www.ise.io/assets/img/start-images/blog-img/Start VRM vendor assessment overview 1.svg]
[www.ise.io/assets/img/start-images/blog-img/Start VRM remediation tracking 1.svg]
[www.ise.io/start/blog/procurement-policy/index.html]
[www.ise.io/assets/img/start-images/blog-img/Start VRM assessment report 1.svg]
[www.ise.io/assets/img/start-images/blog-img/Start VRM assessment report 1.svg]
[www.ise.io/start/blog/procurement-policy/index.html]
